*** Using Compiler 'V6.24', folder: 'D:\keil_v5\ARM\ARMCLANG\Bin'
Build target 'BME'
compiling app_ppg_signal.c...
compiling app_ppg_pulse.c...
compiling app_spo2_filter.c...
compiling app_rr.c...
compiling app_data_log.c...
compiling app_motion.c...
compiling app_runtime.c...
compiling app_bpm_filter.c...
compiling app_oxy_status.c...
compiling app_diag.c...
compiling app_hrv.c...
compiling app_protocol.c...
compiling app_measurement.c...
compiling app_ecg.c...
compiling app_display.c...
compiling app_ptt.c...
compiling stm32f4xx_it.c...
compiling freertos.c...
compiling main.c...
linking...
Program Size: Code=119896 RO-data=85080 RW-data=24 ZI-data=140808  
FromELF: creating hex file...
"BME\BME.axf" - 0 Error(s), 0 Warning(s).
Build Time Elapsed:  00:00:02
